
==== Latent vs attribute correlations ====
Command: C:\Users\saite\AppData\Local\Programs\Python\Python311\python.exe D:\Novel AE\explainability_AI\xai_attr_correlation.py --ckpt D:\Novel AE\checkpoints\hybridvae_stageB_best.pt --root ./AMSL Dataset --out_root results\xai\run_20250920-215929 --device auto --max_items 4000 --batch 128
STDOUT:
Correlation table saved to results\xai\run_20250920-215929\attr_correlation\20250920-220032\latent_attribute_correlations.csv
Individual bar charts and metadata available in results\xai\run_20250920-215929\attr_correlation\20250920-220032


==== Latent embedding visualisation ====
Command: C:\Users\saite\AppData\Local\Programs\Python\Python311\python.exe D:\Novel AE\explainability_AI\xai_tsne.py --ckpt D:\Novel AE\checkpoints\hybridvae_stageB_best.pt --root ./AMSL Dataset --out_root results\xai\run_20250920-215929 --device auto --max_items 2000 --batch 64 --perplexity 30.0
STDOUT:
Saved embedding visuals and arrays to results\xai\run_20250920-215929\latent_embedding\20250920-220102


==== Encoder IG for z0 ====
Command: C:\Users\saite\AppData\Local\Programs\Python\Python311\python.exe D:\Novel AE\explainability_AI\xai_encoder_ig.py --ckpt D:\Novel AE\checkpoints\hybridvae_stageB_best.pt --root ./AMSL Dataset --out_root results\xai\run_20250920-215929 --device auto --img_size 256 --samples 4 --target_dim 0 --n_steps 32
STDOUT:
Integrated Gradients visualisations saved in results\xai\run_20250920-215929\encoder_integrated_gradients\20250920-220107

STDERR:
C:\Users\saite\AppData\Local\Programs\Python\Python311\Lib\site-packages\captum\attr\_utils\batching.py:51: UserWarning: Internal batch size cannot be less than the number of input examples. Defaulting to internal batch size of 4 equal to the number of examples.
  warnings.warn(


==== Encoder Grad-CAM for z0 ====
Command: C:\Users\saite\AppData\Local\Programs\Python\Python311\python.exe D:\Novel AE\explainability_AI\xai_encoder_gradcam.py --ckpt D:\Novel AE\checkpoints\hybridvae_stageB_best.pt --root ./AMSL Dataset --out_root results\xai\run_20250920-215929 --device auto --img_size 256 --samples 4 --target_dim 0 --layer encoder.res_skip
STDOUT:
Grad-CAM visualisations saved in results\xai\run_20250920-215929\encoder_gradcam\20250920-220114


==== Encoder Grad-CAM for z17 ====
Command: C:\Users\saite\AppData\Local\Programs\Python\Python311\python.exe D:\Novel AE\explainability_AI\xai_encoder_gradcam.py --ckpt D:\Novel AE\checkpoints\hybridvae_stageB_best.pt --root ./AMSL Dataset --out_root results\xai\run_20250920-215929 --device auto --img_size 256 --samples 4 --target_dim 17 --layer encoder.res_skip
STDOUT:
Grad-CAM visualisations saved in results\xai\run_20250920-215929\encoder_gradcam\20250920-220119


==== Decoder latent influence ====
Command: C:\Users\saite\AppData\Local\Programs\Python\Python311\python.exe D:\Novel AE\explainability_AI\xai_decoder_influence.py --ckpt D:\Novel AE\checkpoints\hybridvae_stageB_best.pt --root ./AMSL Dataset --out_root results\xai\run_20250920-215929 --device auto --samples 4 --delta 1.0 --dims 0 1 2 3
STDOUT:
Decoder influence figures saved in results\xai\run_20250920-215929\decoder_influence\20250920-220123


==== Counterfactual nudges ====
Command: C:\Users\saite\AppData\Local\Programs\Python\Python311\python.exe D:\Novel AE\explainability_AI\xai_counterfactuals.py --ckpt D:\Novel AE\checkpoints\hybridvae_stageB_best.pt --root ./AMSL Dataset --device auto nudge --out_root results\xai\run_20250920-215929 --delta 1.0 --dims 0 1 2
STDOUT:
Nudge visualisations saved to results\xai\run_20250920-215929\counterfactual_nudge\20250920-220130


==== Counterfactual optimisation ====
Command: C:\Users\saite\AppData\Local\Programs\Python\Python311\python.exe D:\Novel AE\explainability_AI\xai_counterfactuals.py --ckpt D:\Novel AE\checkpoints\hybridvae_stageB_best.pt --root ./AMSL Dataset --device auto optimize --out_root results\xai\run_20250920-215929 --attr area --target 0.35 --steps 200 --lr 0.05 --lam 0.01 --dims 0
STDOUT:
Optimisation results saved to results\xai\run_20250920-215929\counterfactual_optimize\20250920-220139


==== DiCE counterfactuals ====
Command: C:\Users\saite\AppData\Local\Programs\Python\Python311\python.exe D:\Novel AE\explainability_AI\xai_dice_counterfactuals.py --ckpt D:\Novel AE\checkpoints\hybridvae_stageB_best.pt --root ./AMSL Dataset --out_root results\xai\run_20250920-215929 --device cuda --samples 4 --dataset_items 1000 --total_cfs 1 --dims 17 19 57 29 7 10
STDERR:
Traceback (most recent call last):
  File "D:\Novel AE\explainability_AI\xai_dice_counterfactuals.py", line 193, in <module>
    main()
  File "D:\Novel AE\explainability_AI\xai_dice_counterfactuals.py", line 144, in main
    df, areas = collect_latent_dataset(model, cfg, root=args.root, device=device, dims=args.dims, max_items=args.dataset_items)
                ^^^^^^^^^^^^^^^^^^^^^^^^^^^^^^^^^^^^^^^^^^^^^^^^^^^^^^^^^^^^^^^^^^^^^^^^^^^^^^^^^^^^^^^^^^^^^^^^^^^^^^^^^^^^^^^
  File "D:\Novel AE\explainability_AI\xai_dice_counterfactuals.py", line 49, in collect_latent_dataset
    mu, logvar, feats = model.encode(imgs)
                        ^^^^^^^^^^^^^^^^^^
  File "D:\Novel AE\models\hybrid_vae.py", line 242, in encode
    return self.encoder(x)
           ^^^^^^^^^^^^^^^
  File "C:\Users\saite\AppData\Local\Programs\Python\Python311\Lib\site-packages\torch\nn\modules\module.py", line 1739, in _wrapped_call_impl
    return self._call_impl(*args, **kwargs)
           ^^^^^^^^^^^^^^^^^^^^^^^^^^^^^^^^
  File "C:\Users\saite\AppData\Local\Programs\Python\Python311\Lib\site-packages\torch\nn\modules\module.py", line 1750, in _call_impl
    return forward_call(*args, **kwargs)
           ^^^^^^^^^^^^^^^^^^^^^^^^^^^^^
  File "D:\Novel AE\models\hybrid_vae.py", line 108, in forward
    x = self.attn_skip(x)  # S/8
        ^^^^^^^^^^^^^^^^^
  File "C:\Users\saite\AppData\Local\Programs\Python\Python311\Lib\site-packages\torch\nn\modules\module.py", line 1739, in _wrapped_call_impl
    return self._call_impl(*args, **kwargs)
           ^^^^^^^^^^^^^^^^^^^^^^^^^^^^^^^^
  File "C:\Users\saite\AppData\Local\Programs\Python\Python311\Lib\site-packages\torch\nn\modules\module.py", line 1750, in _call_impl
    return forward_call(*args, **kwargs)
           ^^^^^^^^^^^^^^^^^^^^^^^^^^^^^
  File "D:\Novel AE\models\blocks.py", line 289, in forward
    scores = (q @ k.transpose(-2, -1)) * self.scale         # [B, H, N, N]
             ~~~~~~~~~~~~~~~~~~~~~~~~~~^~~~~~~~~~~~
torch.OutOfMemoryError: CUDA out of memory. Tried to allocate 4.00 GiB. GPU 0 has a total capacity of 8.00 GiB of which 0 bytes is free. Of the allocated memory 10.78 GiB is allocated by PyTorch, and 23.69 MiB is reserved by PyTorch but unallocated. If reserved but unallocated memory is large try setting PYTORCH_CUDA_ALLOC_CONF=expandable_segments:True to avoid fragmentation.  See documentation for Memory Management  (https://pytorch.org/docs/stable/notes/cuda.html#environment-variables)

