
==== Latent vs attribute correlations ====
Command: C:\Users\saite\AppData\Local\Programs\Python\Python311\python.exe D:\Novel AE\explainability_AI\xai_attr_correlation.py --ckpt D:\Novel AE\checkpoints\hybridvae_stageB_best.pt --root ./AMSL Dataset --out_root results\xai\run_20250920-193857 --device auto --max_items 500 --batch 128
STDOUT:
Correlation table saved to results\xai\run_20250920-193857\attr_correlation\20250920-193911\latent_attribute_correlations.csv
Individual bar charts and metadata available in results\xai\run_20250920-193857\attr_correlation\20250920-193911


==== Latent embedding visualisation ====
Command: C:\Users\saite\AppData\Local\Programs\Python\Python311\python.exe D:\Novel AE\explainability_AI\xai_tsne.py --ckpt D:\Novel AE\checkpoints\hybridvae_stageB_best.pt --root ./AMSL Dataset --out_root results\xai\run_20250920-193857 --device auto --max_items 300 --batch 64 --perplexity 30.0
STDOUT:
Saved embedding visuals and arrays to results\xai\run_20250920-193857\latent_embedding\20250920-193922


==== Encoder IG for z0 ====
Command: C:\Users\saite\AppData\Local\Programs\Python\Python311\python.exe D:\Novel AE\explainability_AI\xai_encoder_ig.py --ckpt D:\Novel AE\checkpoints\hybridvae_stageB_best.pt --root ./AMSL Dataset --out_root results\xai\run_20250920-193857 --device auto --img_size 256 --samples 4 --target_dim 0 --n_steps 32
STDOUT:
Integrated Gradients visualisations saved in results\xai\run_20250920-193857\encoder_integrated_gradients\20250920-193929

STDERR:
C:\Users\saite\AppData\Local\Programs\Python\Python311\Lib\site-packages\captum\attr\_utils\batching.py:51: UserWarning: Internal batch size cannot be less than the number of input examples. Defaulting to internal batch size of 4 equal to the number of examples.
  warnings.warn(


==== Decoder latent influence ====
Command: C:\Users\saite\AppData\Local\Programs\Python\Python311\python.exe D:\Novel AE\explainability_AI\xai_decoder_influence.py --ckpt D:\Novel AE\checkpoints\hybridvae_stageB_best.pt --root ./AMSL Dataset --out_root results\xai\run_20250920-193857 --device auto --samples 4 --delta 1.0 --dims 0 1
STDOUT:
Decoder influence figures saved in results\xai\run_20250920-193857\decoder_influence\20250920-193938


==== Counterfactual nudges ====
Command: C:\Users\saite\AppData\Local\Programs\Python\Python311\python.exe D:\Novel AE\explainability_AI\xai_counterfactuals.py --ckpt D:\Novel AE\checkpoints\hybridvae_stageB_best.pt --root ./AMSL Dataset --device auto nudge --out_root results\xai\run_20250920-193857 --delta 1.0 --dims 0 1
STDOUT:
Nudge visualisations saved to results\xai\run_20250920-193857\counterfactual_nudge\20250920-193945


==== Counterfactual optimisation ====
Command: C:\Users\saite\AppData\Local\Programs\Python\Python311\python.exe D:\Novel AE\explainability_AI\xai_counterfactuals.py --ckpt D:\Novel AE\checkpoints\hybridvae_stageB_best.pt --root ./AMSL Dataset --device auto optimize --out_root results\xai\run_20250920-193857 --attr area --target 0.4 --steps 200 --lr 0.05 --lam 0.01 --dims 0
STDERR:
Traceback (most recent call last):
  File "D:\Novel AE\explainability_AI\xai_counterfactuals.py", line 287, in <module>
    main()
  File "D:\Novel AE\explainability_AI\xai_counterfactuals.py", line 248, in main
    edited, achieved = optimize_dims(
                       ^^^^^^^^^^^^^^
  File "D:\Novel AE\explainability_AI\xai_counterfactuals.py", line 141, in optimize_dims
    loss.backward()
  File "C:\Users\saite\AppData\Local\Programs\Python\Python311\Lib\site-packages\torch\_tensor.py", line 626, in backward
    torch.autograd.backward(
  File "C:\Users\saite\AppData\Local\Programs\Python\Python311\Lib\site-packages\torch\autograd\__init__.py", line 347, in backward
    _engine_run_backward(
  File "C:\Users\saite\AppData\Local\Programs\Python\Python311\Lib\site-packages\torch\autograd\graph.py", line 823, in _engine_run_backward
    return Variable._execution_engine.run_backward(  # Calls into the C++ engine to run the backward pass
           ^^^^^^^^^^^^^^^^^^^^^^^^^^^^^^^^^^^^^^^^^^^^^^^^^^^^^^^^^^^^^^^^^^^^^^^^^^^^^^^^^^^^^^^^^^^^^^
RuntimeError: Trying to backward through the graph a second time (or directly access saved tensors after they have already been freed). Saved intermediate values of the graph are freed when you call .backward() or autograd.grad(). Specify retain_graph=True if you need to backward through the graph a second time or if you need to access saved tensors after calling backward.

