
==== Latent vs attribute correlations ====
Command: C:\Users\saite\AppData\Local\Programs\Python\Python311\python.exe D:\Novel AE\explainability_AI\xai_attr_correlation.py --ckpt D:\Novel AE\checkpoints\hybridvae_stageB_best.pt --root ./AMSL Dataset --out_root results\xai\run_20250920-192411 --device auto --max_items 4000 --batch 128
STDOUT:
Correlation table saved to results\xai\run_20250920-192411\attr_correlation\20250920-192517\latent_attribute_correlations.csv
Individual bar charts and metadata available in results\xai\run_20250920-192411\attr_correlation\20250920-192517


==== Latent embedding visualisation ====
Command: C:\Users\saite\AppData\Local\Programs\Python\Python311\python.exe D:\Novel AE\explainability_AI\xai_tsne.py --ckpt D:\Novel AE\checkpoints\hybridvae_stageB_best.pt --root ./AMSL Dataset --out_root results\xai\run_20250920-192411 --device auto --max_items 2000 --batch 64 --perplexity 30.0
STDOUT:
Saved embedding visuals and arrays to results\xai\run_20250920-192411\latent_embedding\20250920-192552


==== Encoder IG for z0 ====
Command: C:\Users\saite\AppData\Local\Programs\Python\Python311\python.exe D:\Novel AE\explainability_AI\xai_encoder_ig.py --ckpt D:\Novel AE\checkpoints\hybridvae_stageB_best.pt --root ./AMSL Dataset --out_root results\xai\run_20250920-192411 --device auto --img_size 256 --samples 4 --target_dim 0 --n_steps 32
STDOUT:
Integrated Gradients visualisations saved in results\xai\run_20250920-192411\encoder_integrated_gradients\20250920-192557

STDERR:
C:\Users\saite\AppData\Local\Programs\Python\Python311\Lib\site-packages\captum\attr\_utils\batching.py:51: UserWarning: Internal batch size cannot be less than the number of input examples. Defaulting to internal batch size of 4 equal to the number of examples.
  warnings.warn(


==== Decoder latent influence ====
Command: C:\Users\saite\AppData\Local\Programs\Python\Python311\python.exe D:\Novel AE\explainability_AI\xai_decoder_influence.py --ckpt D:\Novel AE\checkpoints\hybridvae_stageB_best.pt --root ./AMSL Dataset --out_root results\xai\run_20250920-192411 --device auto --samples 4 --delta 1.0 --dims 0 1 2 3
STDOUT:
Decoder influence figures saved in results\xai\run_20250920-192411\decoder_influence\20250920-192605


==== Counterfactual nudges ====
Command: C:\Users\saite\AppData\Local\Programs\Python\Python311\python.exe D:\Novel AE\explainability_AI\xai_counterfactuals.py --ckpt D:\Novel AE\checkpoints\hybridvae_stageB_best.pt --root ./AMSL Dataset --out_root results\xai\run_20250920-192411 --device auto --mode nudge --delta 1.0 --dims 0 1 2
