
==== Latent vs attribute correlations ====
Command: C:\Users\saite\AppData\Local\Programs\Python\Python311\python.exe D:\Novel AE\explainability_AI\xai_attr_correlation.py --ckpt D:\Novel AE\checkpoints\hybridvae_stageB_best.pt --root ./AMSL Dataset --out_root results\xai\run_20250920-221914 --device auto --max_items 4000 --batch 128
STDOUT:
Correlation table saved to results\xai\run_20250920-221914\attr_correlation\20250920-222001\latent_attribute_correlations.csv
Individual bar charts and metadata available in results\xai\run_20250920-221914\attr_correlation\20250920-222001


==== Latent embedding visualisation ====
Command: C:\Users\saite\AppData\Local\Programs\Python\Python311\python.exe D:\Novel AE\explainability_AI\xai_tsne.py --ckpt D:\Novel AE\checkpoints\hybridvae_stageB_best.pt --root ./AMSL Dataset --out_root results\xai\run_20250920-221914 --device auto --max_items 2000 --batch 64 --perplexity 30.0
STDOUT:
Saved embedding visuals and arrays to results\xai\run_20250920-221914\latent_embedding\20250920-222025


==== Encoder IG for z0 ====
Command: C:\Users\saite\AppData\Local\Programs\Python\Python311\python.exe D:\Novel AE\explainability_AI\xai_encoder_ig.py --ckpt D:\Novel AE\checkpoints\hybridvae_stageB_best.pt --root ./AMSL Dataset --out_root results\xai\run_20250920-221914 --device auto --img_size 256 --samples 4 --target_dim 0 --n_steps 32
STDOUT:
Integrated Gradients visualisations saved in results\xai\run_20250920-221914\encoder_integrated_gradients\20250920-222030

STDERR:
C:\Users\saite\AppData\Local\Programs\Python\Python311\Lib\site-packages\captum\attr\_utils\batching.py:51: UserWarning: Internal batch size cannot be less than the number of input examples. Defaulting to internal batch size of 4 equal to the number of examples.
  warnings.warn(


==== Encoder Grad-CAM for z0 ====
Command: C:\Users\saite\AppData\Local\Programs\Python\Python311\python.exe D:\Novel AE\explainability_AI\xai_encoder_gradcam.py --ckpt D:\Novel AE\checkpoints\hybridvae_stageB_best.pt --root ./AMSL Dataset --out_root results\xai\run_20250920-221914 --device auto --img_size 256 --samples 4 --target_dim 0 --layer encoder.res_skip
STDOUT:
Grad-CAM visualisations saved in results\xai\run_20250920-221914\encoder_gradcam\20250920-222037


==== Encoder Grad-CAM for z17 ====
Command: C:\Users\saite\AppData\Local\Programs\Python\Python311\python.exe D:\Novel AE\explainability_AI\xai_encoder_gradcam.py --ckpt D:\Novel AE\checkpoints\hybridvae_stageB_best.pt --root ./AMSL Dataset --out_root results\xai\run_20250920-221914 --device auto --img_size 256 --samples 4 --target_dim 17 --layer encoder.res_skip
STDOUT:
Grad-CAM visualisations saved in results\xai\run_20250920-221914\encoder_gradcam\20250920-222042


==== Decoder latent influence ====
Command: C:\Users\saite\AppData\Local\Programs\Python\Python311\python.exe D:\Novel AE\explainability_AI\xai_decoder_influence.py --ckpt D:\Novel AE\checkpoints\hybridvae_stageB_best.pt --root ./AMSL Dataset --out_root results\xai\run_20250920-221914 --device auto --samples 4 --delta 1.0 --dims 0 1 2 3
STDOUT:
Decoder influence figures saved in results\xai\run_20250920-221914\decoder_influence\20250920-222046


==== Counterfactual nudges ====
Command: C:\Users\saite\AppData\Local\Programs\Python\Python311\python.exe D:\Novel AE\explainability_AI\xai_counterfactuals.py --ckpt D:\Novel AE\checkpoints\hybridvae_stageB_best.pt --root ./AMSL Dataset --device auto nudge --out_root results\xai\run_20250920-221914 --delta 1.0 --dims 0 1 2
STDOUT:
Nudge visualisations saved to results\xai\run_20250920-221914\counterfactual_nudge\20250920-222053


==== Counterfactual optimisation ====
Command: C:\Users\saite\AppData\Local\Programs\Python\Python311\python.exe D:\Novel AE\explainability_AI\xai_counterfactuals.py --ckpt D:\Novel AE\checkpoints\hybridvae_stageB_best.pt --root ./AMSL Dataset --device auto optimize --out_root results\xai\run_20250920-221914 --attr area --target 0.35 --steps 200 --lr 0.05 --lam 0.01 --dims 0
STDOUT:
Optimisation results saved to results\xai\run_20250920-221914\counterfactual_optimize\20250920-222102


==== DiCE counterfactuals ====
Command: C:\Users\saite\AppData\Local\Programs\Python\Python311\python.exe D:\Novel AE\explainability_AI\xai_dice_counterfactuals.py --ckpt D:\Novel AE\checkpoints\hybridvae_stageB_best.pt --root ./AMSL Dataset --out_root results\xai\run_20250920-221914 --device cuda --samples 4 --dataset_items 2000 --dice_batch 16 --total_cfs 1 --dims 17 19 57 29 7 10
STDOUT:
No Counterfactuals found for the given configuration, perhaps try with different parameters... ; total time taken: 00 min 00 sec
No Counterfactuals found for the given configuration, perhaps try with different parameters... ; total time taken: 00 min 00 sec
No Counterfactuals found for the given configuration, perhaps try with different parameters... ; total time taken: 00 min 00 sec
No Counterfactuals found for the given configuration, perhaps try with different parameters... ; total time taken: 00 min 00 sec
DiCE counterfactuals saved in results\xai\run_20250920-221914\dice_counterfactuals\20250920-222116

STDERR:

  0%|          | 0/1 [00:00<?, ?it/s]
100%|##########| 1/1 [00:00<00:00, 10.64it/s]

  0%|          | 0/1 [00:00<?, ?it/s]
100%|##########| 1/1 [00:00<00:00, 12.05it/s]

  0%|          | 0/1 [00:00<?, ?it/s]
100%|##########| 1/1 [00:00<00:00, 12.82it/s]

  0%|          | 0/1 [00:00<?, ?it/s]
100%|##########| 1/1 [00:00<00:00, 13.29it/s]

